[www.practiceshraddha.com/index.html]
[static.parastorage.com/unpkg/core-js-bundle@3.2.1/minified.js]
[static.parastorage.com/unpkg/focus-within-polyfill@5.0.9/dist/focus-within-polyfill.js]
[static.wixstatic.com/media/6dd698_9a0e5ed11d824c25874326e4f7f09550_mv2.png/v1/fill/w_32,h_32,lg_1,usm_0.66_1.00_0.01/6dd698_9a0e5ed11d824c25874326e4f7f09550_mv2]
[backblue.gif]
[fade.gif]
[index.html]
[polyfill.io/v3/polyfill.mind82c.js]
[browser.sentry-cdn.com/6.18.2/bundle.min.js]
[www.practiceshraddha.com/decodeURIComponent(e]
[www.practiceshraddha.com/sitemap.xml]
[www.practiceshraddha.com/feed.xml]
[static.parastorage.com/services/wix-thunderbolt/dist/ab-test-compilation/thunderbolt-commons.7ca534fa.bundle.min.js]
[static.parastorage.com/services/wix-thunderbolt/dist/ab-test-compilation/main.c16c2c7f.bundle.min.js]
[static.parastorage.com/unpkg/lodash@4.17.21/lodash.min.js]
[static.parastorage.com/unpkg/react@16.14.0/umd/react.production.min.js]
[static.parastorage.com/services/tag-manager-client/1.427.0/siteTags.bundle.min.js]
[static.parastorage.com/services/wix-perf-measure/1.1042.0/wix-perf-measure.bundle.min.js]
[static.parastorage.com/unpkg/react-dom@16.14.0/umd/react-dom.production.min.js]
[www.practiceshraddha.com/eec152dc.min.css]
[www.practiceshraddha.com/b604fd33.min.css]
[www.practiceshraddha.com/9455f099.min.css]
[www.practiceshraddha.com/7c602eb2.min.css]
[www.practiceshraddha.com/fbce49db.min.css]
[www.practiceshraddha.com/99a6a99f.min.css]
[www.practiceshraddha.com/bb623b78.min.css]
[www.practiceshraddha.com/aae8f9e8.min.css]
[www.practiceshraddha.com/7a36fe10.chunk.min.js]
[www.practiceshraddha.com/rb_wixui.thunderbolt_bootstrap-classic.db545a77.chunk.min.js]
[www.practiceshraddha.com/rb_wixui.thunderbolt_bootstrap.8a86afda.chunk.min.css]
[www.practiceshraddha.com/rb_wixui.thunderbolt_bootstrap.7a36fe10.chunk.min.js]
[www.practiceshraddha.com/rb_wixui.thunderbolt_bootstrap-responsive.f3ca696f.chunk.min.css]
[www.practiceshraddha.com/rb_wixui.thunderbolt_bootstrap-responsive.e3671379.chunk.min.js]
[www.practiceshraddha.com/rb_wixui.thunderbolt_common-site-members-dialogs.384b0b57.chunk.min.css]
[www.practiceshraddha.com/rb_wixui.thunderbolt_common-site-members-dialogs.2059cbfd.chunk.min.js]
[www.practiceshraddha.com/menu.html]
[static.wixstatic.com/media/6dd698_1f1266f9d9214a2abbdddbe569cba9c5f000.jpg/v1/fill/w_147,h_92,al_c,q_80,usm_0.66_1.00_0.01,blur_2,/6dd698_1f1266f9d9214a2abbdddbe]
[static.wixstatic.com/media/6dd698_9fda47b7cee14d9eac338372cc2cae5f_mv2.png/v1/fill/w_89,h_80,al_c,q_85,usm_0.66_1.00_0.01,enc_auto/SHRADDHA_LOGO_WHITE_2.20.delay]
[static.wixstatic.com/media/6dd698_25d34912102749f699fd0b870e25f277_mv2.png/v1/fill/w_49,h_3,al_c,q_85,usm_0.66_1.00_0.01,blur_2,en/6dd698_25d34912102749f699fd0b8]
[images-vod.wixmp.com/89f747d6-a102-4180-ae5f-d4217c82e70d/images/701a7293b4f946cb97759b516bb2cd01f002/v1/fill/w_452,h_254,q_85,usm_0.66_1.00_0.01/file.jpg]
[static.wixstatic.com/media/6dd698_7ab606f2de284405b08d17a681796a94_mv2.png/v1/crop/x_481,y_0,w_1171,h_994/fill/w_623,h_529,al_c,q_85,usm_/Group 204 (1).23.delaye]
[static.wixstatic.com/media/6dd698_1c2a8e868baf44c1bbc292e547483fcb_mv2.png/v1/fill/w_49,h_8,al_c,q_85,usm_0.66_1.00_0.01,blur_2,en/6dd698_1c2a8e868baf44c1bbc292e]
[images-vod.wixmp.com/89f747d6-a102-4180-ae5f-d4217c82e70d/images/1d65d2528fd74718ac2ffd908878a69af002/v1/fill/w_452,h_254,q_85,usm_0.66_1.00_0.01/file.jpg]
[images-vod.wixmp.com/89f747d6-a102-4180-ae5f-d4217c82e70d/images/a3f37f7c8dcb43bbad5b4135af472b01f002/v1/fill/w_452,h_254,q_85,usm_0.66_1.00_0.01/file.jpg]
[images-vod.wixmp.com/6dd698ab-5196-4682-b332-a524db372894/images/a93d959c99fe4a979fde3fc8fcad0237f002/v1/fill/w_452,h_254,q_85,usm_0.66_1.00_0.01/file.jpg]
[images-vod.wixmp.com/89f747d6-a102-4180-ae5f-d4217c82e70d/images/2799285135bd499e9d060edd740229a8f002/v1/fill/w_452,h_254,q_85,usm_0.66_1.00_0.01/file.jpg]
[images-vod.wixmp.com/89f747d6-a102-4180-ae5f-d4217c82e70d/images/b5021c6df40749bc866398b7d5caf5e6f002/v1/fill/w_452,h_254,q_85,usm_0.66_1.00_0.01/file.jpg]
[static.wixstatic.com/media/6dd698_62caa37590a548dc94162c3eb1f0d24d_mv2.png/v1/fill/w_42,h_11,al_c,q_85,usm_0.66_1.00_0.01,blur_2,e/6dd698_62caa37590a548dc94162c3]
[static.wixstatic.com/media/6dd698_f5d08013e32e4b46931e8bac960f9fdd_mv2.png/v1/fill/w_107,h_107,al_c,q_85,usm_0.66_1.00_0.01,blur_3,enc_auto/ICONS_YOGA.png]
[static.wixstatic.com/media/89f747_f0b46b23ac134b29992374191499d2e4_mv2.png/v1/fill/w_102,h_102,al_c,q_85,usm_0.66_1.00_0.01,blur_3,enc_auto/ICONS_MEDITATION.png]
[static.wixstatic.com/media/89f747_45942666d55e44da9378f1318eded825_mv2.png/v1/fill/w_104,h_104,al_c,q_85,usm_0.66_1.00_0.01,blur_3,enc_auto/ICONS_WELLNESS.png]
[static.wixstatic.com/media/6dd698_33ed7c32d2e34acaaa9e9e38551f422b_mv2.png/v1/fill/w_104,h_104,al_c,q_85,usm_0.66_1.00_0.01,blur_3,enc_auto/ICONS_WOMANHOOD.png]
[static.wixstatic.com/media/89f747_48b87328a5fa4868851f5529fd7a1095_mv2.png/v1/fill/w_104,h_104,al_c,q_85,usm_0.66_1.00_0.01,blur_3/ICONS_CREATIVE EXPRESSION .2f]
[static.wixstatic.com/media/6dd698_162ad8666cee4598bb596388a74375fb_mv2.png/v1/fill/w_83,h_87,al_c,q_85,usm_0.66_1.00_0.01,blur_2,enc_auto/image-1_edited.png]
[static.wixstatic.com/media/6dd698_d9470d70e42a4a918ae3086261592249_mv2.png/v1/fill/w_49,h_16,al_c,q_85,usm_0.66_1.00_0.01,blur_2,e/6dd698_d9470d70e42a4a918ae3086]
[static.wixstatic.com/media/6dd698_2e4680abacac4faab065bcbfb572db41_mv2.png/v1/fill/w_49,h_9,al_c,q_85,usm_0.66_1.00_0.01,blur_2,en/6dd698_2e4680abacac4faab065bcb]
[static.wixstatic.com/media/6dd698_fa08417673034755be5116f1412141b9_mv2.png/v1/fill/w_122,h_122,al_c,q_85,usm_0.66_1.00_0.01,blur_2/6dd698_fa08417673034755be5116f]
[static.wixstatic.com/media/6dd698_18f40ddc8c8449518ae49c5adc66dd3a_mv2.jpg/v1/crop/x_0,y_61,w_1000,h_1436/fill/w_83,h_118,al_c,q_80,usm_0/Forest-12_edited.34.del]
[static.wixstatic.com/media/6dd698_aa2a3be7ddea46969627f4094988448f_mv2.png/v1/fill/w_118,h_125,al_c,q_85,usm_0.66_1.00_0.01,blur_2/6dd698_aa2a3be7ddea46969627f40]
[www.practiceshraddha.com/about.html]
[www.practiceshraddha.com/events.html]
[www.practiceshraddha.com/blog.html]
[static.wixstatic.com/media/6dd698_441c4396c4e64ee0a23d4e7909f34d3e_mv2.png/v1/fill/w_67,h_64,al_c,q_85,usm_0.66_1.00_0.01,blur_3,e/SHRADDHA_LOGO_LIGHT_GREEN_2.3a]
[www.practiceshraddha.com/index.html]
[www.practiceshraddha.com/decodeURIComponent(e.html]
[www.practiceshraddha.com/feed.html]
[www.practiceshraddha.com/eec152dc.min.html]
[www.practiceshraddha.com/b604fd33.min.html]
[www.practiceshraddha.com/9455f099.min.html]
[www.practiceshraddha.com/7c602eb2.min.html]
[www.practiceshraddha.com/fbce49db.min.html]
[www.practiceshraddha.com/99a6a99f.min.html]
[www.practiceshraddha.com/bb623b78.min.html]
[www.practiceshraddha.com/aae8f9e8.min.html]
[www.practiceshraddha.com/7a36fe10.chunk.min.html]
[www.practiceshraddha.com/rb_wixui.thunderbolt_bootstrap-classic.db545a77.chunk.min.html]
[www.practiceshraddha.com/rb_wixui.thunderbolt_bootstrap.8a86afda.chunk.min.html]
[www.practiceshraddha.com/rb_wixui.thunderbolt_bootstrap.7a36fe10.chunk.min.html]
[www.practiceshraddha.com/rb_wixui.thunderbolt_bootstrap-responsive.f3ca696f.chunk.min.html]
[www.practiceshraddha.com/rb_wixui.thunderbolt_bootstrap-responsive.e3671379.chunk.min.html]
[www.practiceshraddha.com/rb_wixui.thunderbolt_common-site-members-dialogs.384b0b57.chunk.min.html]
[www.practiceshraddha.com/rb_wixui.thunderbolt_common-site-members-dialogs.2059cbfd.chunk.min.html]
[www.practiceshraddha.com/menu.html]
[www.practiceshraddha.com/terms-and-conditions.html]
[static.wixstatic.com/media/89f747_a0c12f3292914523839117abdf66e2c0_mv2.png/v1/crop/x_14,y_0,w_2030,h_1495/fill/w_395,h_290,al_c,q_85,usm_/Elephant-05-05-05_edite]
[static.wixstatic.com/media/6dd698_e24bd088efa14e1ab56187ec3a62bbfd_mv2.jpg/v1/fill/w_147,h_81,al_c,q_80,usm_0.66_1.00_0.01,blur_2,/6dd698_e24bd088efa14e1ab56187e]
[static.wixstatic.com/media/6dd698_2141bef5124e4e429adf4de6a1afa488_mv2.png/v1/fill/w_108,h_114,al_c,q_85,usm_0.66_1.00_0.01,blur_2,enc_auto/ABOUT-IMAGE-1.png]
[www.practiceshraddha.com/about.html]
[static.wixstatic.com/media/6dd698_40ac9342497f4f0b802626dcf7f5d258_mv2.png/v1/fill/w_49,h_16,al_c,q_85,usm_0.66_1.00_0.01,blur_2,e/6dd698_40ac9342497f4f0b802626d]
[static.wixstatic.com/media/6dd698_7d0ac0d7fe814047a1555436f352d565_mv2.png/v1/fill/w_111,h_118,al_c,q_85,usm_0.66_1.00_0.01,blur_2/6dd698_7d0ac0d7fe814047a155543]
[static.wixstatic.com/media/6dd698_c9f3c0520c1a4742870709f9aaed2ff7_mv2.png/v1/fill/w_49,h_4,al_c,q_85,usm_0.66_1.00_0.01,blur_2,en/6dd698_c9f3c0520c1a4742870709f]
[static.wixstatic.com/media/6dd698_764cbae7f8c2430f89d5a72f70c6d3a4_mv2.png/v1/fill/w_49,h_13,al_c,q_85,usm_0.66_1.00_0.01,blur_2,e/6dd698_764cbae7f8c2430f89d5a72]
[static.wixstatic.com/media/a21080_c87f81efe3db4d7596905fd4196a85b6_mv2.png/v1/fill/w_49,h_49,al_c,q_85,usm_0.66_1.00_0.01,blur_2,e/a21080_c87f81efe3db4d7596905fd]
[www.practiceshraddha.com/events.html]
[www.practiceshraddha.com/event-details/womens-dessert-yoga-retreat-dec-6-8-2022.html]
[www.practiceshraddha.com/blog-feed.xml]
[static.parastorage.com/services/communities-blog-ooi/1.539.0/client/post-list-pro-gallery.chunk.min.css]
[static.parastorage.com/services/communities-blog-ooi/1.539.0/client/972.chunk.min.js]
[static.parastorage.com/services/communities-blog-ooi/1.539.0/client/5938.chunk.min.js]
[www.practiceshraddha.com/blog/page/2.html]
[static.parastorage.com/services/communities-blog-ooi/1.539.0/client/5967.chunk.min.js]
[static.parastorage.com/services/communities-blog-ooi/1.539.0/client/post-list-pro-gallery.chunk.min.js]
[static.wixstatic.com/media/6dd698_3712869958414bf1a4d15b6ef0cc65f9_mv2.png/v1/fill/w_49,h_16,al_c,q_85,usm_0.66_1.00_0.01,blur_2,e/6dd698_3712869958414bf1a4d15b6]
[static.wixstatic.com/media/a21080_a81bdb4dd391461996331477ec0ea48b_mv2.jpg/v1/fill/w_454,h_341,fp_0.50_0.50,q_90,enc_auto/a21080_a81bdb4dd391461996331477ec0ea48b]
[static.wixstatic.com/media/a21080_a81bdb4dd391461996331477ec0ea48b_mv2.jpg/v1/fill/w_250,h_250,fp_0.50_0.50,q_30,blur_30,enc_auto/a21080_a81bdb4dd391461996331477]
[www.practiceshraddha.com/post/exploring-the-power-of-the-pelvis.html]
[www.practiceshraddha.com/blog/page/3.html]
[www.practiceshraddha.com/blog/page/4.html]
[www.practiceshraddha.com/blog.html]
[www.practiceshraddha.com/terms-and-conditions.html]
[www.practiceshraddha.com/blog/page/5.html]
[www.practiceshraddha.com/blog/page/19.html]
[www.practiceshraddha.com/event-details/decodeURIComponent(e.html]
[www.practiceshraddha.com/event-details/sitemap.xml]
[www.practiceshraddha.com/event-details/feed.xml]
[static.parastorage.com/services/wix-thunderbolt/dist/bootstrap-features.9ca6e510.bundle.min.js]
[static.parastorage.com/services/wix-thunderbolt/dist/main.cb675ae8.bundle.min.js]
[www.practiceshraddha.com/event-details/robots.html]
[www.practiceshraddha.com/event-details/version/index.html]
[www.practiceshraddha.com/event-details/b604fd33.min.html]
[www.practiceshraddha.com/event-details/9455f099.min.html]
[www.practiceshraddha.com/event-details/fbce49db.min.html]
[www.practiceshraddha.com/event-details/99a6a99f.min.html]
[www.practiceshraddha.com/event-details/7a36fe10.chunk.min.html]
[www.practiceshraddha.com/event-details/rb_wixui.thunderbolt_bootstrap-classic.db545a77.chunk.min.html]
[www.practiceshraddha.com/event-details/rb_wixui.thunderbolt_bootstrap.8a86afda.chunk.min.html]
[www.practiceshraddha.com/event-details/rb_wixui.thunderbolt_bootstrap.7a36fe10.chunk.min.html]
[www.practiceshraddha.com/event-details/womens-dessert-yoga-retreat-dec-6-8-2022.html]
[www.practiceshraddha.com/event-details/rb_wixui.thunderbolt_bootstrap-responsive.f3ca696f.chunk.min.html]
[www.practiceshraddha.com/event-details/rb_wixui.thunderbolt_bootstrap-responsive.e3671379.chunk.min.html]
[www.practiceshraddha.com/blog/page/decodeURIComponent(e.html]
[www.practiceshraddha.com/blog/page/robots.html]
[www.practiceshraddha.com/blog/page/sitemap.xml]
[www.practiceshraddha.com/blog/page/feed.xml]
[www.practiceshraddha.com/blog/page/b604fd33.min.html]
[www.practiceshraddha.com/blog/page/9455f099.min.html]
[www.practiceshraddha.com/blog/page/fbce49db.min.html]
[www.practiceshraddha.com/blog/page/99a6a99f.min.html]
[www.practiceshraddha.com/blog/page/7a36fe10.chunk.min.html]
[www.practiceshraddha.com/blog/page/rb_wixui.thunderbolt_bootstrap-classic.db545a77.chunk.min.html]
[www.practiceshraddha.com/blog/page/rb_wixui.thunderbolt_bootstrap.8a86afda.chunk.min.html]
[www.practiceshraddha.com/blog/page/rb_wixui.thunderbolt_bootstrap.7a36fe10.chunk.min.html]
[www.practiceshraddha.com/blog/page/rb_wixui.thunderbolt_bootstrap-responsive.f3ca696f.chunk.min.html]
[www.practiceshraddha.com/blog/page/rb_wixui.thunderbolt_bootstrap-responsive.e3671379.chunk.min.html]
[www.practiceshraddha.com/blog/page/2.html]
[static.parastorage.com/services/communities-blog-ooi/1.539.0/client/post-list-pro-gallery.chunk.min.css]
[static.wixstatic.com/media/a21080_4296b7e018094318a7de74c9d1b950a8_mv2.jpe/v1/fill/w_454,h_341,fp_0.50_0.50,q_90,enc_auto/a21080_4296b7e018094318a7de74c9d1b950a8]
[static.wixstatic.com/media/a21080_4296b7e018094318a7de74c9d1b950a8_mv2.jpe/v1/fill/w_250,h_250,fp_0.50_0.50,q_30,blur_30,enc_auto/a21080_4296b7e018094318a7de74c9]
[www.practiceshraddha.com/post/reclaiming-winter-a-time-to-go-inward.html]
[www.practiceshraddha.com/post/decodeURIComponent(e.html]
[www.practiceshraddha.com/post/sitemap.xml]
[www.practiceshraddha.com/post/feed.xml]
[www.practiceshraddha.com/post/robots.html]
[www.practiceshraddha.com/post/version/index.html]
[www.practiceshraddha.com/post/b604fd33.min.html]
[www.practiceshraddha.com/post/9455f099.min.html]
[www.practiceshraddha.com/post/fbce49db.min.html]
[www.practiceshraddha.com/post/99a6a99f.min.html]
[www.practiceshraddha.com/post/7a36fe10.chunk.min.html]
[www.practiceshraddha.com/post/rb_wixui.thunderbolt_bootstrap-classic.db545a77.chunk.min.html]
[www.practiceshraddha.com/post/rb_wixui.thunderbolt_bootstrap.8a86afda.chunk.min.html]
[www.practiceshraddha.com/post/rb_wixui.thunderbolt_bootstrap.7a36fe10.chunk.min.html]
[www.practiceshraddha.com/post/rb_wixui.thunderbolt_bootstrap-responsive.f3ca696f.chunk.min.html]
[www.practiceshraddha.com/post/rb_wixui.thunderbolt_bootstrap-responsive.e3671379.chunk.min.html]
[www.practiceshraddha.com/post/exploring-the-power-of-the-pelvis.html]
[www.practiceshraddha.com/post/what-are-chakras-and-why-should-you-care.html]
[static.wixstatic.com/media/a21080_a81bdb4dd391461996331477ec0ea48b_mv2.jpg/v1/fill/w_149,h_138,al_c,q_80,usm_0.66_1.00_0.01,blur_2/a21080_a81bdb4dd39146199633147]
[static.wixstatic.com/media/a21080_c11faff2488a405eb7c5dd1221838323_mv2.jpe/v1/fill/w_454,h_341,fp_0.50_0.50,q_90,enc_auto/a21080_c11faff2488a405eb7c5dd1221838323]
[static.wixstatic.com/media/a21080_c11faff2488a405eb7c5dd1221838323_mv2.jpe/v1/fill/w_250,h_250,fp_0.50_0.50,q_30,blur_30,enc_auto/a21080_c11faff2488a405eb7c5dd12]
[www.practiceshraddha.com/blog/page/3.html]
[www.practiceshraddha.com/post/the-womens-circle-a-powerful-practice-with-ancient-roots.html]
[www.practiceshraddha.com/blog/page/version/index.html]
[static.wixstatic.com/media/a21080_6105e7f127d5444e80c7272c0110c9b8_mv2.jpg/v1/fill/w_454,h_341,fp_0.50_0.50,q_90,enc_auto/a21080_6105e7f127d5444e80c7272c0110c9b8]
[static.wixstatic.com/media/a21080_6105e7f127d5444e80c7272c0110c9b8_mv2.jpg/v1/fill/w_250,h_250,fp_0.50_0.50,q_30,blur_30,enc_auto/a21080_6105e7f127d5444e80c7272c]
[www.practiceshraddha.com/post/a-guide-to-sleep-hygiene.html]
[www.practiceshraddha.com/blog/page/4.html]
[www.practiceshraddha.com/blog/page/6.html]
[static.wixstatic.com/media/a21080_248f250bc90840ddbbab3ede5357ab2f_mv2.jpe/v1/fill/w_454,h_341,fp_0.50_0.50,q_90,enc_auto/a21080_248f250bc90840ddbbab3ede5357ab2f]
[static.wixstatic.com/media/a21080_248f250bc90840ddbbab3ede5357ab2f_mv2.jpe/v1/fill/w_250,h_250,fp_0.50_0.50,q_30,blur_30,enc_auto/a21080_248f250bc90840ddbbab3ede]
[www.practiceshraddha.com/post/the-art-of-creating-a-habit.html]
[www.practiceshraddha.com/blog/page/5.html]
[www.practiceshraddha.com/blog/page/7.html]
[www.practiceshraddha.com/blog/page/18.html]
[static.wixstatic.com/media/6dd698_aac1e3956a6f4d46b004d3b567f3625a_mv2.jpg/v1/fill/w_250,h_250,fp_0.50_0.50,q_30,blur_30,enc_auto/6dd698_aac1e3956a6f4d46b004d3b5]
[static.wixstatic.com/media/6dd698_aac1e3956a6f4d46b004d3b567f3625a_mv2.jpg/v1/fill/w_454,h_341,fp_0.50_0.50,q_90,enc_auto/6dd698_aac1e3956a6f4d46b004d3b567f3625a]
[www.practiceshraddha.com/blog/page/15.html]
[www.practiceshraddha.com/blog/page/16.html]
[www.practiceshraddha.com/blog/page/19.html]
[www.practiceshraddha.com/blog/page/17.html]
[www.practiceshraddha.com/event-details/decodeURIComponent(e.html]
[static.wixstatic.com/media/a21080_a85432ec8e5c43be8b5625f1a41232a9_mv2.jpe/v1/fill/w_147,h_98,al_c,q_80,usm_0.66_1.00_0.01,blur_2,/a21080_a85432ec8e5c43be8b5625f]
[www.practiceshraddha.com/event-details/robots.html]
[www.practiceshraddha.com/event-details/sitemap.html]
[www.practiceshraddha.com/event-details/feed.html]
[www.practiceshraddha.com/event-details/alchemize-your-life-online-series-with-brielle-2022-11-13-19-30.html]
[www.practiceshraddha.com/event-details/version/decodeURIComponent(e.html]
[www.practiceshraddha.com/event-details/version/robots.html]
[www.practiceshraddha.com/event-details/version/sitemap.xml]
[www.practiceshraddha.com/event-details/version/feed.xml]
[www.practiceshraddha.com/event-details/version/b604fd33.min.html]
[www.practiceshraddha.com/event-details/version/version/index.html]
[www.practiceshraddha.com/event-details/version/9455f099.min.html]
[www.practiceshraddha.com/event-details/version/fbce49db.min.html]
[www.practiceshraddha.com/event-details/version/99a6a99f.min.html]
[www.practiceshraddha.com/event-details/version/7a36fe10.chunk.min.html]
[www.practiceshraddha.com/event-details/version/rb_wixui.thunderbolt_bootstrap-classic.db545a77.chunk.min.html]
[www.practiceshraddha.com/event-details/version/rb_wixui.thunderbolt_bootstrap.8a86afda.chunk.min.html]
[www.practiceshraddha.com/event-details/version/rb_wixui.thunderbolt_bootstrap.7a36fe10.chunk.min.html]
[www.practiceshraddha.com/event-details/version/rb_wixui.thunderbolt_bootstrap-responsive.f3ca696f.chunk.min.html]
[www.practiceshraddha.com/event-details/version/index.html]
[www.practiceshraddha.com/event-details/version/rb_wixui.thunderbolt_bootstrap-responsive.e3671379.chunk.min.html]
[www.practiceshraddha.com/event-details/b604fd33.min.html]
[www.practiceshraddha.com/event-details/9455f099.min.html]
[www.practiceshraddha.com/event-details/fbce49db.min.html]
[www.practiceshraddha.com/event-details/99a6a99f.min.html]
[www.practiceshraddha.com/event-details/7a36fe10.chunk.min.html]
[www.practiceshraddha.com/event-details/rb_wixui.thunderbolt_bootstrap-classic.db545a77.chunk.min.html]
[www.practiceshraddha.com/event-details/rb_wixui.thunderbolt_bootstrap.8a86afda.chunk.min.html]
[www.practiceshraddha.com/event-details/rb_wixui.thunderbolt_bootstrap.7a36fe10.chunk.min.html]
[www.practiceshraddha.com/event-details/rb_wixui.thunderbolt_bootstrap-responsive.f3ca696f.chunk.min.html]
[www.practiceshraddha.com/event-details/rb_wixui.thunderbolt_bootstrap-responsive.e3671379.chunk.min.html]
[www.practiceshraddha.com/blog/page/decodeURIComponent(e.html]
[www.practiceshraddha.com/blog/page/robots.html]
[www.practiceshraddha.com/blog/page/sitemap.html]
[www.practiceshraddha.com/blog/page/feed.html]
[www.practiceshraddha.com/blog/page/b604fd33.min.html]
[www.practiceshraddha.com/blog/page/9455.html]
[www.practiceshraddha.com/blog/page/9455f099.min.html]
[www.practiceshraddha.com/blog/page/fbce49db.min.html]
[www.practiceshraddha.com/blog/page/9454.html]
[www.practiceshraddha.com/blog/page/99.html]
[www.practiceshraddha.com/blog/page/99a6a99f.min.html]
[www.practiceshraddha.com/blog/page/98.html]
[static.wixstatic.com/media/a21080_441babf50a12490fb344a60a4cb0f699_mv2.jpe/v1/fill/w_454,h_341,fp_0.50_0.50,q_90,enc_auto/a21080_441babf50a12490fb344a60a4cb0f699]
[static.wixstatic.com/media/a21080_441babf50a12490fb344a60a4cb0f699_mv2.jpe/v1/fill/w_250,h_250,fp_0.50_0.50,q_30,blur_30,enc_auto/a21080_441babf50a12490fb344a60a]
[www.practiceshraddha.com/blog/page/7a36fe10.chunk.min.html]
[www.practiceshraddha.com/blog/page/rb_wixui.thunderbolt_bootstrap-classic.db545a77.chunk.min.html]
[www.practiceshraddha.com/blog/page/rb_wixui.thunderbolt_bootstrap.8a86afda.chunk.min.html]
[www.practiceshraddha.com/blog/page/8.html]
[www.practiceshraddha.com/blog/page/rb_wixui.thunderbolt_bootstrap.7a36fe10.chunk.min.html]
[www.practiceshraddha.com/post/sound-healing.html]
[www.practiceshraddha.com/blog/page/rb_wixui.thunderbolt_bootstrap-responsive.f3ca696f.chunk.min.html]
[www.practiceshraddha.com/blog/page/9.html]
[www.practiceshraddha.com/blog/page/rb_wixui.thunderbolt_bootstrap-responsive.e3671379.chunk.min.html]
[www.practiceshraddha.com/post/reclaiming-winter-a-time-to-go-inward.html]
[www.practiceshraddha.com/post/decodeURIComponent(e.html]
[static.wixstatic.com/media/a21080_4296b7e018094318a7de74c9d1b950a8_mv2.jpe/v1/fill/w_101,h_105,al_c,q_80,usm_0.66_1.00_0.01,blur_2/a21080_4296b7e018094318a7de74c]
[www.practiceshraddha.com/post/robots.html]
[www.practiceshraddha.com/post/sitemap.html]
[www.practiceshraddha.com/post/feed.html]
[www.practiceshraddha.com/post/version/decodeURIComponent(e.html]
[www.practiceshraddha.com/post/version/robots.html]
[www.practiceshraddha.com/post/version/sitemap.xml]
[www.practiceshraddha.com/post/version/feed.xml]
[www.practiceshraddha.com/post/version.html]
[www.practiceshraddha.com/post/version/version/index.html]
[www.practiceshraddha.com/post/version/b604fd33.min.html]
[www.practiceshraddha.com/post/version/9455f099.min.html]
[www.practiceshraddha.com/post/version/fbce49db.min.html]
[www.practiceshraddha.com/post/version/99a6a99f.min.html]
[www.practiceshraddha.com/post/version/7a36fe10.chunk.min.html]
[www.practiceshraddha.com/post/version/rb_wixui.thunderbolt_bootstrap-classic.db545a77.chunk.min.html]
[www.practiceshraddha.com/post/version/rb_wixui.thunderbolt_bootstrap.8a86afda.chunk.min.html]
[www.practiceshraddha.com/post/version/rb_wixui.thunderbolt_bootstrap.7a36fe10.chunk.min.html]
[www.practiceshraddha.com/post/version/rb_wixui.thunderbolt_bootstrap-responsive.f3ca696f.chunk.min.html]
[www.practiceshraddha.com/post/version/index.html]
[www.practiceshraddha.com/post/b604fd33.min.html]
[www.practiceshraddha.com/post/9455f099.min.html]
[www.practiceshraddha.com/post/fbce49db.min.html]
[www.practiceshraddha.com/post/version/rb_wixui.thunderbolt_bootstrap-responsive.e3671379.chunk.min.html]
[www.practiceshraddha.com/post/99a6a99f.min.html]
[www.practiceshraddha.com/post/7a36fe10.chunk.min.html]
[www.practiceshraddha.com/post/rb_wixui.thunderbolt_bootstrap-classic.db545a77.chunk.min.html]
[www.practiceshraddha.com/post/rb_wixui.thunderbolt_bootstrap.8a86afda.chunk.min.html]
[www.practiceshraddha.com/post/rb_wixui.thunderbolt_bootstrap.7a36fe10.chunk.min.html]
[www.practiceshraddha.com/post/rb_wixui.thunderbolt_bootstrap-responsive.f3ca696f.chunk.min.html]
[www.practiceshraddha.com/post/rb_wixui.thunderbolt_bootstrap-responsive.e3671379.chunk.min.html]
[www.practiceshraddha.com/post/what-are-chakras-and-why-should-you-care.html]
[www.practiceshraddha.com/blog/page/version/decodeURIComponent(e.html]
[www.practiceshraddha.com/blog/page/version/robots.html]
[www.practiceshraddha.com/blog/page/version/sitemap.xml]
[www.practiceshraddha.com/blog/page/version/feed.xml]
[www.practiceshraddha.com/blog/page/version/b604fd33.min.html]
[www.practiceshraddha.com/blog/page/version/version/index.html]
[www.practiceshraddha.com/blog/page/version/9455f099.min.html]
[www.practiceshraddha.com/blog/page/version/fbce49db.min.html]
[www.practiceshraddha.com/blog/page/version/99a6a99f.min.html]
[www.practiceshraddha.com/blog/page/version/7a36fe10.chunk.min.html]
[www.practiceshraddha.com/blog/page/version/rb_wixui.thunderbolt_bootstrap-classic.db545a77.chunk.min.html]
[www.practiceshraddha.com/blog/page/version/rb_wixui.thunderbolt_bootstrap.8a86afda.chunk.min.html]
[www.practiceshraddha.com/blog/page/version/rb_wixui.thunderbolt_bootstrap.7a36fe10.chunk.min.html]
[www.practiceshraddha.com/blog/page/version/rb_wixui.thunderbolt_bootstrap-responsive.f3ca696f.chunk.min.html]
[www.practiceshraddha.com/blog/page/version/index.html]
[www.practiceshraddha.com/post/the-womens-circle-a-powerful-practice-with-ancient-roots.html]
[www.practiceshraddha.com/blog/page/version/rb_wixui.thunderbolt_bootstrap-responsive.e3671379.chunk.min.html]
[static.wixstatic.com/media/a21080_c11faff2488a405eb7c5dd1221838323_mv2.jpe/v1/fill/w_101,h_78,al_c,q_80,usm_0.66_1.00_0.01,blur_2,/a21080_c11faff2488a405eb7c5dd1]
[www.practiceshraddha.com/post/a-guide-to-sleep-hygiene.html]
[static.wixstatic.com/media/a21080_6105e7f127d5444e80c7272c0110c9b8_mv2.jpg/v1/fill/w_102,h_99,al_c,q_80,usm_0.66_1.00_0.01,blur_2,/a21080_6105e7f127d5444e80c7272]
[static.wixstatic.com/media/a21080_0b190fcdadbf4cd78edb1c69323e2d07_mv2.jpe/v1/fill/w_454,h_341,fp_0.50_0.50,q_90,enc_auto/a21080_0b190fcdadbf4cd78edb1c69323e2d07]
[static.wixstatic.com/media/a21080_0b190fcdadbf4cd78edb1c69323e2d07_mv2.jpe/v1/fill/w_250,h_250,fp_0.50_0.50,q_30,blur_30,enc_auto/a21080_0b190fcdadbf4cd78edb1c69]
[www.practiceshraddha.com/blog/page/6.html]
[www.practiceshraddha.com/post/the-art-of-creating-a-habit.html]
[www.practiceshraddha.com/blog/page/7.html]
[static.wixstatic.com/media/a21080_248f250bc90840ddbbab3ede5357ab2f_mv2.jpe/v1/fill/w_102,h_102,al_c,q_80,usm_0.66_1.00_0.01,blur_2/a21080_248f250bc90840ddbbab3ed]
[www.practiceshraddha.com/post/sun-medicine.html]
[www.practiceshraddha.com/blog/page/18.html]
[static.wixstatic.com/media/a21080_be6b1fba98b84eb4bad1c023d6c5ea4e_mv2.png/v1/fill/w_454,h_341,fp_0.50_0.50,q_95,enc_auto/a21080_be6b1fba98b84eb4bad1c023d6c5ea4e]
[www.practiceshraddha.com/post/the-cure-for-covid-languish.html]
[www.practiceshraddha.com/blog/page/14.html]
[static.wixstatic.com/media/a21080_a5d71e6f4dca4f76b4b806d2c2fabc50_mv2.png/v1/fill/w_454,h_334,fp_0.50_0.50,q_95,enc_auto/a21080_a5d71e6f4dca4f76b4b806d2c2fabc50]
[www.practiceshraddha.com/post/the-power-of-journaling.html]
[www.practiceshraddha.com/blog/page/15.html]
[www.practiceshraddha.com/blog/page/13.html]
[www.practiceshraddha.com/blog/page/16.html]
[static.wixstatic.com/media/a21080_388ecef400ce465aba44fdecb2d4188f_mv2.jpg/v1/fill/w_454,h_341,fp_0.50_0.50,q_90,enc_auto/a21080_388ecef400ce465aba44fdecb2d4188f]
[static.wixstatic.com/media/a21080_388ecef400ce465aba44fdecb2d4188f_mv2.jpg/v1/fill/w_250,h_250,fp_0.50_0.50,q_30,blur_30,enc_auto/a21080_388ecef400ce465aba44fdec]
[static.wixstatic.com/media/a21080_3f689eb2343248b2af4d1d65a4d8ff3b_mv2.png/v1/fill/w_454,h_341,fp_0.50_0.50,q_95,enc_auto/a21080_3f689eb2343248b2af4d1d65a4d8ff3b]
[www.practiceshraddha.com/blog/page/17.html]
[www.practiceshraddha.com/event-details/alchemize-your-life-online-series-with-brielle-2022-11-13-19-30.html]
[www.practiceshraddha.com/post/your-gut-feeling.html]
[www.practiceshraddha.com/post/the-full-moon-cycle.html]
[www.practiceshraddha.com/event-details/version/decodeURIComponent(e.html]
[www.practiceshraddha.com/event-details/version/robots.html]
[www.practiceshraddha.com/event-details/version/sitemap.html]
[www.practiceshraddha.com/event-details/version/feed.html]
[www.practiceshraddha.com/event-details/version/version/decodeURIComponent(e.html]
[www.practiceshraddha.com/event-details/version/version/robots.html]
[www.practiceshraddha.com/event-details/version/version/sitemap.xml]
[www.practiceshraddha.com/event-details/version/version/feed.xml]
[www.practiceshraddha.com/event-details/version/version.html]
[www.practiceshraddha.com/event-details/version/version/version/index.html]
[www.practiceshraddha.com/event-details/version/version/b604fd33.min.html]
[www.practiceshraddha.com/event-details/version/version/9455f099.min.html]
[www.practiceshraddha.com/event-details/version/version/fbce49db.min.html]
[www.practiceshraddha.com/event-details/version/version/99a6a99f.min.html]
[www.practiceshraddha.com/event-details/version/version/7a36fe10.chunk.min.html]
[www.practiceshraddha.com/event-details/version/version/rb_wixui.thunderbolt_bootstrap-classic.db545a77.chunk.min.html]
[www.practiceshraddha.com/event-details/version/version/rb_wixui.thunderbolt_bootstrap.8a86afda.chunk.min.html]
[www.practiceshraddha.com/event-details/version/version/rb_wixui.thunderbolt_bootstrap.7a36fe10.chunk.min.html]
[www.practiceshraddha.com/event-details/version/version/rb_wixui.thunderbolt_bootstrap-responsive.f3ca696f.chunk.min.html]
[www.practiceshraddha.com/event-details/version/version/index.html]
[www.practiceshraddha.com/event-details/version/b604fd33.min.html]
[www.practiceshraddha.com/event-details/version/version/rb_wixui.thunderbolt_bootstrap-responsive.e3671379.chunk.min.html]
[www.practiceshraddha.com/event-details/version/9455f099.min.html]
[www.practiceshraddha.com/event-details/version/fbce49db.min.html]
[www.practiceshraddha.com/event-details/version/99a6a99f.min.html]
[www.practiceshraddha.com/event-details/version/7a36fe10.chunk.min.html]
[www.practiceshraddha.com/event-details/version/rb_wixui.thunderbolt_bootstrap-classic.db545a77.chunk.min.html]
[www.practiceshraddha.com/event-details/version/rb_wixui.thunderbolt_bootstrap.8a86afda.chunk.min.html]
[www.practiceshraddha.com/event-details/version/rb_wixui.thunderbolt_bootstrap.7a36fe10.chunk.min.html]
[www.practiceshraddha.com/event-details/version/rb_wixui.thunderbolt_bootstrap-responsive.f3ca696f.chunk.min.html]
[www.practiceshraddha.com/event-details/version/rb_wixui.thunderbolt_bootstrap-responsive.e3671379.chunk.min.html]
[www.practiceshraddha.com/blog/page/9455.html]
[www.practiceshraddha.com/blog/page/9454.html]
[www.practiceshraddha.com/blog/page/99.html]
[www.practiceshraddha.com/blog/page/9453.html]
[www.practiceshraddha.com/blog/page/98.html]
[www.practiceshraddha.com/blog/page/97.html]
[static.wixstatic.com/media/a21080_275913ae015b4a5fa70bc070f53e1305_mv2.png/v1/fill/w_454,h_341,fp_0.50_0.50,q_95,enc_auto/a21080_275913ae015b4a5fa70bc070f53e1305]
[www.practiceshraddha.com/post/the-power-of-play.html]
[www.practiceshraddha.com/blog/page/8.html]
[www.practiceshraddha.com/post/sound-healing.html]
[www.practiceshraddha.com/blog/page/10.html]
[static.wixstatic.com/media/a21080_441babf50a12490fb344a60a4cb0f699_mv2.jpe/v1/fill/w_101,h_106,al_c,q_80,usm_0.66_1.00_0.01,blur_2/a21080_441babf50a12490fb344a60]
[static.wixstatic.com/media/a21080_7c418ce4938e4138a51d1dc70cbbbf52_mv2.jpe/v1/fill/w_454,h_341,fp_0.50_0.50,q_90,enc_auto/a21080_7c418ce4938e4138a51d1dc70cbbbf52]
[static.wixstatic.com/media/a21080_7c418ce4938e4138a51d1dc70cbbbf52_mv2.jpe/v1/fill/w_250,h_250,fp_0.50_0.50,q_30,blur_30,enc_auto/a21080_7c418ce4938e4138a51d1dc7]
[www.practiceshraddha.com/post/self-care-is-self-love.html]
[www.practiceshraddha.com/blog/page/9.html]
[www.practiceshraddha.com/post/version/decodeURIComponent(e.html]
[www.practiceshraddha.com/post/version/robots.html]
[www.practiceshraddha.com/post/version/sitemap.html]
[www.practiceshraddha.com/post/version/feed.html]
[www.practiceshraddha.com/blog/page/11.html]
[www.practiceshraddha.com/post/version/version/sitemap.f9.delayed]
[www.practiceshraddha.com/post/version/version/robots.html]
[www.practiceshraddha.com/post/version/version/feed.xml]
[www.practiceshraddha.com/post/version/version/decodeURIComponent(e.html]
[www.practiceshraddha.com/post/version/version.html]
[www.practiceshraddha.com/post/version/version/version/index.html]
[www.practiceshraddha.com/post/version/version/b604fd33.min.html]
[www.practiceshraddha.com/post/version/version/9455f099.min.html]
[www.practiceshraddha.com/post/version/version/fbce49db.min.html]
[www.practiceshraddha.com/post/version/version/99a6a99f.min.html]
[www.practiceshraddha.com/post/version/version/7a36fe10.chunk.min.html]
[www.practiceshraddha.com/post/version/version/rb_wixui.thunderbolt_bootstrap-classic.db545a77.chunk.min.html]
[www.practiceshraddha.com/post/version/version/rb_wixui.thunderbolt_bootstrap.8a86afda.chunk.min.html]
[www.practiceshraddha.com/post/version/version/rb_wixui.thunderbolt_bootstrap.7a36fe10.chunk.min.html]
[www.practiceshraddha.com/post/version/version/rb_wixui.thunderbolt_bootstrap-responsive.f3ca696f.chunk.min.html]
[www.practiceshraddha.com/post/version/version/index.html]
[www.practiceshraddha.com/post/version.html]
[www.practiceshraddha.com/post/version/b604fd33.min.html]
[www.practiceshraddha.com/post/version/9455f099.min.html]
[www.practiceshraddha.com/post/version/version/rb_wixui.thunderbolt_bootstrap-responsive.e3671379.chunk.min.html]
[www.practiceshraddha.com/post/version/fbce49db.min.html]
[www.practiceshraddha.com/post/version/99a6a99f.min.html]
[www.practiceshraddha.com/post/version/7a36fe10.chunk.min.html]
[www.practiceshraddha.com/post/version/rb_wixui.thunderbolt_bootstrap-classic.db545a77.chunk.min.html]
[www.practiceshraddha.com/post/version/rb_wixui.thunderbolt_bootstrap.8a86afda.chunk.min.html]
[www.practiceshraddha.com/post/version/rb_wixui.thunderbolt_bootstrap.7a36fe10.chunk.min.html]
[www.practiceshraddha.com/post/version/rb_wixui.thunderbolt_bootstrap-responsive.f3ca696f.chunk.min.html]
[www.practiceshraddha.com/post/version/rb_wixui.thunderbolt_bootstrap-responsive.e3671379.chunk.min.html]
[www.practiceshraddha.com/blog/page/version/decodeURIComponent(e.html]
[www.practiceshraddha.com/blog/page/version/robots.html]
[www.practiceshraddha.com/blog/page/version/sitemap.html]
[www.practiceshraddha.com/blog/page/version/feed.html]
[www.practiceshraddha.com/blog/page/version/version/decodeURIComponent(e.html]
[www.practiceshraddha.com/blog/page/version/version/sitemap.xml]
[www.practiceshraddha.com/blog/page/version/version/robots.html]
[www.practiceshraddha.com/blog/page/version/version/feed.xml]
[www.practiceshraddha.com/blog/page/version/version/version/index.html]
[www.practiceshraddha.com/blog/page/version/version.html]
[www.practiceshraddha.com/blog/page/version/version/b604fd33.min.html]
[www.practiceshraddha.com/blog/page/version/version/9455f099.min.html]
[www.practiceshraddha.com/blog/page/version/version/fbce49db.min.html]
[www.practiceshraddha.com/blog/page/version/version/99a6a99f.min.html]
[www.practiceshraddha.com/blog/page/version/version/7a36fe10.chunk.min.html]
[www.practiceshraddha.com/blog/page/version/version/rb_wixui.thunderbolt_bootstrap-classic.db545a77.chunk.min.html]
[www.practiceshraddha.com/blog/page/version/version/rb_wixui.thunderbolt_bootstrap.8a86afda.chunk.min.html]
[www.practiceshraddha.com/blog/page/version/version/rb_wixui.thunderbolt_bootstrap.7a36fe10.chunk.min.html]
[www.practiceshraddha.com/blog/page/version/version/rb_wixui.thunderbolt_bootstrap-responsive.f3ca696f.chunk.min.html]
[www.practiceshraddha.com/blog/page/version/version/index.html]
[www.practiceshraddha.com/blog/page/version/b604fd33.min.html]
[www.practiceshraddha.com/blog/page/version/9455f099.min.html]
[www.practiceshraddha.com/blog/page/version/fbce49db.min.html]
[www.practiceshraddha.com/blog/page/version/99a6a99f.min.html]
[www.practiceshraddha.com/blog/page/version/version/rb_wixui.thunderbolt_bootstrap-responsive.e3671379.chunk.min.html]
[www.practiceshraddha.com/blog/page/version/7a36fe10.chunk.min.html]
[www.practiceshraddha.com/blog/page/version/rb_wixui.thunderbolt_bootstrap-classic.db545a77.chunk.min.html]
[www.practiceshraddha.com/blog/page/version/rb_wixui.thunderbolt_bootstrap.8a86afda.chunk.min.html]
[www.practiceshraddha.com/blog/page/version/rb_wixui.thunderbolt_bootstrap.7a36fe10.chunk.min.html]
[www.practiceshraddha.com/blog/page/version/rb_wixui.thunderbolt_bootstrap-responsive.f3ca696f.chunk.min.html]
[www.practiceshraddha.com/blog/page/version/rb_wixui.thunderbolt_bootstrap-responsive.e3671379.chunk.min.html]
[www.practiceshraddha.com/post/sun-medicine.html]
[www.practiceshraddha.com/post/the-cure-for-covid-languish.html]
[static.wixstatic.com/media/a21080_0b190fcdadbf4cd78edb1c69323e2d07_mv2.jpe/v1/fill/w_102,h_76,al_c,q_80,usm_0.66_1.00_0.01,blur_2,/a21080_0b190fcdadbf4cd78edb1c6]
[static.wixstatic.com/media/a21080_be6b1fba98b84eb4bad1c023d6c5ea4e_mv2.png/v1/fill/w_49,h_33,al_c,q_85,usm_0.66_1.00_0.01,blur_2,e/a21080_be6b1fba98b84eb4bad1c02]
[static.wixstatic.com/media/a21080_12a6e66edb4345cf8c532b6be0bf027f_mv2.jpg/v1/fill/w_454,h_341,fp_0.50_0.50,q_90,enc_auto/a21080_12a6e66edb4345cf8c532b6be0bf027f]
[static.wixstatic.com/media/a21080_12a6e66edb4345cf8c532b6be0bf027f_mv2.jpg/v1/fill/w_250,h_250,fp_0.50_0.50,q_30,blur_30,enc_auto/a21080_12a6e66edb4345cf8c532b6b]
[www.practiceshraddha.com/post/pranayama-101.html]
[www.practiceshraddha.com/blog/page/14.html]
[www.practiceshraddha.com/post/the-power-of-journaling.html]
[www.practiceshraddha.com/blog/page/12.html]
[static.wixstatic.com/media/a21080_a5d71e6f4dca4f76b4b806d2c2fabc50_mv2.png/v1/fill/w_64,h_33,al_c,q_85,usm_0.66_1.00_0.01,blur_2,e/a21080_a5d71e6f4dca4f76b4b806d]
[static.wixstatic.com/media/a21080_1d58832eac6d4a7faf7704e00e1d8f29_mv2.jpg/v1/fill/w_454,h_341,fp_0.50_0.50,q_90,enc_auto/a21080_1d58832eac6d4a7faf7704e00e1d8f29]
[static.wixstatic.com/media/a21080_1d58832eac6d4a7faf7704e00e1d8f29_mv2.jpg/v1/fill/w_250,h_250,fp_0.50_0.50,q_30,blur_30,enc_auto/a21080_1d58832eac6d4a7faf7704e0]
[www.practiceshraddha.com/blog/page/13.html]
[www.practiceshraddha.com/post/your-gut-feeling.html]
[www.practiceshraddha.com/post/the-full-moon-cycle.html]
[static.wixstatic.com/media/a21080_388ecef400ce465aba44fdecb2d4188f_mv2.jpg/v1/fill/w_138,h_103,al_c,q_80,usm_0.66_1.00_0.01,blur_2/a21080_388ecef400ce465aba44fde]
[www.practiceshraddha.com/post/how-trauma-gets-stuck-in-the-body.html]
[static.wixstatic.com/media/a21080_3f689eb2343248b2af4d1d65a4d8ff3b_mv2.png/v1/fill/w_59,h_41,al_c,q_85,usm_0.66_1.00_0.01,blur_2,e/a21080_3f689eb2343248b2af4d1d6]
[www.practiceshraddha.com/event-details/version/version/decodeURIComponent(e.html]
[www.practiceshraddha.com/event-details/version/version/robots.html]
[www.practiceshraddha.com/event-details/version/version/sitemap.html]
[www.practiceshraddha.com/event-details/version/version/feed.html]
[www.practiceshraddha.com/event-details/version/version/version/decodeURIComponent(e.html]
[www.practiceshraddha.com/event-details/version/version/version/sitemap.xml]
[www.practiceshraddha.com/event-details/version/version/version/robots.html]
[www.practiceshraddha.com/event-details/version/version/version/feed.xml]
[www.practiceshraddha.com/event-details/version/version/version.html]
[www.practiceshraddha.com/event-details/version/version/version/version/index.html]
[www.practiceshraddha.com/event-details/version/version/version/b604fd33.min.html]
[www.practiceshraddha.com/event-details/version/version/version/9455f099.min.html]
[www.practiceshraddha.com/event-details/version/version/version/fbce49db.min.html]
[www.practiceshraddha.com/event-details/version/version/version/99a6a99f.min.html]
[www.practiceshraddha.com/event-details/version/version/version/7a36fe10.chunk.min.html]
[www.practiceshraddha.com/event-details/version/version/version/rb_wixui.thunderbolt_bootstrap-classic.db545a77.chunk.min.html]
[www.practiceshraddha.com/event-details/version/version/version/rb_wixui.thunderbolt_bootstrap.8a86afda.chunk.min.html]
[www.practiceshraddha.com/event-details/version/version/version/rb_wixui.thunderbolt_bootstrap.7a36fe10.chunk.min.html]
[www.practiceshraddha.com/event-details/version/version/version/rb_wixui.thunderbolt_bootstrap-responsive.f3ca696f.chunk.min.html]
[www.practiceshraddha.com/event-details/version/version/version/index.html]
[www.practiceshraddha.com/event-details/version/version.html]
[www.practiceshraddha.com/event-details/version/version/b604fd33.min.html]
[www.practiceshraddha.com/event-details/version/version/version/rb_wixui.thunderbolt_bootstrap-responsive.e3671379.chunk.min.html]
[www.practiceshraddha.com/event-details/version/version/9455f099.min.html]
[www.practiceshraddha.com/event-details/version/version/fbce49db.min.html]
[www.practiceshraddha.com/event-details/version/version/99a6a99f.min.html]
[www.practiceshraddha.com/event-details/version/version/7a36fe10.chunk.min.html]
[www.practiceshraddha.com/event-details/version/version/rb_wixui.thunderbolt_bootstrap-classic.db545a77.chunk.min.html]
[www.practiceshraddha.com/event-details/version/version/rb_wixui.thunderbolt_bootstrap.8a86afda.chunk.min.html]
[www.practiceshraddha.com/event-details/version/version/rb_wixui.thunderbolt_bootstrap.7a36fe10.chunk.min.html]
[www.practiceshraddha.com/event-details/version/version/rb_wixui.thunderbolt_bootstrap-responsive.f3ca696f.chunk.min.html]
[www.practiceshraddha.com/event-details/version/version/rb_wixui.thunderbolt_bootstrap-responsive.e3671379.chunk.min.html]
[www.practiceshraddha.com/blog/page/9453.html]
[www.practiceshraddha.com/blog/page/9452.html]
[www.practiceshraddha.com/blog/page/97.html]
[www.practiceshraddha.com/blog/page/96.html]
[www.practiceshraddha.com/post/the-power-of-play.html]
[www.practiceshraddha.com/event-details/alchemize-your-life-online-series-with-brielle.html]
[static.wixstatic.com/media/a21080_275913ae015b4a5fa70bc070f53e1305_mv2.png/v1/fill/w_49,h_28,al_c,q_85,usm_0.66_1.00_0.01,blur_2,e/a21080_275913ae015b4a5fa70bc07]
[static.wixstatic.com/media/a21080_cd2f8287d8264678a580308578faf7f3_mv2.jpe/v1/fill/w_454,h_341,fp_0.50_0.50,q_90,enc_auto/a21080_cd2f8287d8264678a580308578faf7f3]
[static.wixstatic.com/media/a21080_cd2f8287d8264678a580308578faf7f3_mv2.jpe/v1/fill/w_250,h_250,fp_0.50_0.50,q_30,blur_30,enc_auto/a21080_cd2f8287d8264678a5803085]
[www.practiceshraddha.com/blog/page/10.html]
[www.practiceshraddha.com/post/self-care-is-self-love.html]
[static.wixstatic.com/media/a21080_7c418ce4938e4138a51d1dc70cbbbf52_mv2.jpe/v1/fill/w_101,h_105,al_c,q_80,usm_0.66_1.00_0.01,blur_2/a21080_7c418ce4938e4138a51d1dc]
[static.wixstatic.com/media/a21080_d8f4673ab0fc424f8f1b24454d9321f4_mv2.jpe/v1/fill/w_454,h_341,fp_0.50_0.50,q_90,enc_auto/a21080_d8f4673ab0fc424f8f1b24454d9321f4]
[static.wixstatic.com/media/a21080_d8f4673ab0fc424f8f1b24454d9321f4_mv2.jpe/v1/fill/w_250,h_250,fp_0.50_0.50,q_30,blur_30,enc_auto/a21080_d8f4673ab0fc424f8f1b2445]
[www.practiceshraddha.com/blog/page/11.html]
[www.practiceshraddha.com/post/version/version/decodeURIComponent(e.html]
[www.practiceshraddha.com/post/version/version/robots.html]
[www.practiceshraddha.com/post/version/version/sitemap.html]
[www.practiceshraddha.com/post/version/version/feed.html]
[www.practiceshraddha.com/post/the-empath-experience.html]
[www.practiceshraddha.com/post/in-the-pursuit-of-happiness.html]
[www.practiceshraddha.com/post/version/version/version/decodeURIComponent(e.html]
[www.practiceshraddha.com/post/version/version/version/robots.html]
[www.practiceshraddha.com/post/version/version/version/sitemap.xml]
[www.practiceshraddha.com/post/version/version/version/feed.xml]
[www.practiceshraddha.com/post/version/version/version/version/index.html]
[www.practiceshraddha.com/post/version/version/version.html]
[www.practiceshraddha.com/post/version/version/version/b604fd33.min.html]
[www.practiceshraddha.com/post/version/version/version/9455f099.min.html]
[www.practiceshraddha.com/post/version/version/version/fbce49db.min.html]
[www.practiceshraddha.com/post/version/version/version/99a6a99f.min.html]
[www.practiceshraddha.com/post/version/version/version/7a36fe10.chunk.min.html]
[www.practiceshraddha.com/post/version/version/version/rb_wixui.thunderbolt_bootstrap.8a86afda.chunk.min.html]
[www.practiceshraddha.com/post/version/version/version/rb_wixui.thunderbolt_bootstrap.7a36fe10.chunk.min.html]
[www.practiceshraddha.com/post/version/version/version/rb_wixui.thunderbolt_bootstrap-classic.db545a77.chunk.min.html]
[www.practiceshraddha.com/post/version/version/version/rb_wixui.thunderbolt_bootstrap-responsive.f3ca696f.chunk.min.html]
[www.practiceshraddha.com/post/version/version/version/index.html]
[www.practiceshraddha.com/post/version/version.html]
[www.practiceshraddha.com/post/version/version/b604fd33.min.html]
[www.practiceshraddha.com/post/version/version/9455f099.min.html]
[www.practiceshraddha.com/post/version/version/fbce49db.min.html]
[www.practiceshraddha.com/post/version/version/version/rb_wixui.thunderbolt_bootstrap-responsive.e3671379.chunk.min.html]
[www.practiceshraddha.com/post/version/version/99a6a99f.min.html]
[www.practiceshraddha.com/post/version/version/7a36fe10.chunk.min.html]
[www.practiceshraddha.com/post/version/version/rb_wixui.thunderbolt_bootstrap-classic.db545a77.chunk.min.html]
[www.practiceshraddha.com/post/version/version/rb_wixui.thunderbolt_bootstrap.8a86afda.chunk.min.html]
[www.practiceshraddha.com/post/version/version/rb_wixui.thunderbolt_bootstrap.7a36fe10.chunk.min.html]
[www.practiceshraddha.com/post/version/version/rb_wixui.thunderbolt_bootstrap-responsive.f3ca696f.chunk.min.html]
[www.practiceshraddha.com/post/version/version/rb_wixui.thunderbolt_bootstrap-responsive.e3671379.chunk.min.html]
[www.practiceshraddha.com/blog/page/version/version/decodeURIComponent(e.html]
[www.practiceshraddha.com/blog/page/version/version/robots.html]
[www.practiceshraddha.com/blog/page/version/version/sitemap.html]
[www.practiceshraddha.com/blog/page/version/version/feed.html]
[www.practiceshraddha.com/blog/page/version/version/version/decodeURIComponent(e.html]
[www.practiceshraddha.com/blog/page/version/version/version/sitemap.xml]
[www.practiceshraddha.com/blog/page/version/version/version/feed.xml]
[www.practiceshraddha.com/blog/page/version/version/version/robots.html]
[www.practiceshraddha.com/blog/page/version/version/version/b604fd33.min.html]
[www.practiceshraddha.com/blog/page/version/version/version/9455f099.min.html]
[www.practiceshraddha.com/blog/page/version/version/version.html]
[www.practiceshraddha.com/blog/page/version/version/version/fbce49db.min.html]
[www.practiceshraddha.com/blog/page/version/version/version/99a6a99f.min.html]
[www.practiceshraddha.com/blog/page/version/version/version/7a36fe10.chunk.min.html]
[www.practiceshraddha.com/blog/page/version/version/version/rb_wixui.thunderbolt_bootstrap-classic.db545a77.chunk.min.html]
[www.practiceshraddha.com/blog/page/version/version/version/rb_wixui.thunderbolt_bootstrap.8a86afda.chunk.min.html]
[www.practiceshraddha.com/blog/page/version/version/version/rb_wixui.thunderbolt_bootstrap.7a36fe10.chunk.min.html]
[www.practiceshraddha.com/blog/page/version/version/version/rb_wixui.thunderbolt_bootstrap-responsive.f3ca696f.chunk.min.html]
[www.practiceshraddha.com/blog/page/version/version/version/index.html]
[www.practiceshraddha.com/blog/page/version/version.html]
[www.practiceshraddha.com/blog/page/version/version/b604fd33.min.html]
[www.practiceshraddha.com/blog/page/version/version/9455f099.min.html]
[www.practiceshraddha.com/blog/page/version/version/fbce49db.min.html]
[www.practiceshraddha.com/blog/page/version/version/version/rb_wixui.thunderbolt_bootstrap-responsive.e3671379.chunk.min.html]
[www.practiceshraddha.com/blog/page/version/version/99a6a99f.min.html]
[www.practiceshraddha.com/blog/page/version/version/7a36fe10.chunk.min.html]
[www.practiceshraddha.com/blog/page/version/version/rb_wixui.thunderbolt_bootstrap-classic.db545a77.chunk.min.html]
[www.practiceshraddha.com/blog/page/version/version/rb_wixui.thunderbolt_bootstrap.8a86afda.chunk.min.html]
[www.practiceshraddha.com/blog/page/version/version/rb_wixui.thunderbolt_bootstrap.7a36fe10.chunk.min.html]
[www.practiceshraddha.com/blog/page/version/version/rb_wixui.thunderbolt_bootstrap-responsive.f3ca696f.chunk.min.html]
[www.practiceshraddha.com/blog/page/version/version/rb_wixui.thunderbolt_bootstrap-responsive.e3671379.chunk.min.html]
[www.practiceshraddha.com/post/pranayama-101.html]
[static.wixstatic.com/media/a21080_12a6e66edb4345cf8c532b6be0bf027f_mv2.jpg/v1/fill/w_141,h_89,al_c,q_80,usm_0.66_1.00_0.01,blur_2,/a21080_12a6e66edb4345cf8c532b6]
[static.wixstatic.com/media/a21080_dd03cb9dc7314e6092f96f83aae38f95_mv2.png/v1/fill/w_454,h_341,fp_0.50_0.50,q_95,enc_auto/a21080_dd03cb9dc7314e6092f96f83aae38f95]
[www.practiceshraddha.com/blog/page/12.html]
[www.practiceshraddha.com/post/how-trauma-gets-stuck-in-the-body.html]
[static.wixstatic.com/media/a21080_1d58832eac6d4a7faf7704e00e1d8f29_mv2.jpg/v1/fill/w_147,h_147,al_c,q_80,usm_0.66_1.00_0.01,blur_2/a21080_1d58832eac6d4a7faf7704e]
[www.practiceshraddha.com/event-details/version/version/version/decodeURIComponent(e.html]
[www.practiceshraddha.com/post/what-are-the-ayurveda-doshas.html]
[www.practiceshraddha.com/event-details/version/version/version/robots.html]
[www.practiceshraddha.com/event-details/version/version/version/sitemap.html]
[www.practiceshraddha.com/event-details/version/version/version/feed.html]
[www.practiceshraddha.com/event-details/version/version/version/version/decodeURIComponent(e.html]
[www.practiceshraddha.com/event-details/version/version/version/version/sitemap.xml]
[www.practiceshraddha.com/event-details/version/version/version/version/robots.html]
[www.practiceshraddha.com/event-details/version/version/version/version/feed.xml]
[www.practiceshraddha.com/event-details/version/version/version/version/version/index.html]
[www.practiceshraddha.com/event-details/version/version/version/version.html]
[www.practiceshraddha.com/event-details/version/version/version/version/b604fd33.min.html]
[www.practiceshraddha.com/event-details/version/version/version/version/9455f099.min.html]
[www.practiceshraddha.com/event-details/version/version/version/version/fbce49db.min.html]
[www.practiceshraddha.com/event-details/version/version/version/version/99a6a99f.min.html]
[www.practiceshraddha.com/event-details/version/version/version/version/7a36fe10.chunk.min.html]
[www.practiceshraddha.com/event-details/version/version/version/version/rb_wixui.thunderbolt_bootstrap-classic.db545a77.chunk.min.html]
[www.practiceshraddha.com/event-details/version/version/version/version/rb_wixui.thunderbolt_bootstrap.8a86afda.chunk.min.html]
[www.practiceshraddha.com/event-details/version/version/version/version/rb_wixui.thunderbolt_bootstrap.7a36fe10.chunk.min.html]
[www.practiceshraddha.com/event-details/version/version/version/version/index.html]
[www.practiceshraddha.com/event-details/version/version/version.html]
[www.practiceshraddha.com/event-details/version/version/version/version/rb_wixui.thunderbolt_bootstrap-responsive.f3ca696f.chunk.min.html]
[www.practiceshraddha.com/event-details/version/version/version/b604fd33.min.html]
[www.practiceshraddha.com/event-details/version/version/version/version/rb_wixui.thunderbolt_bootstrap-responsive.e3671379.chunk.min.html]
[www.practiceshraddha.com/event-details/version/version/version/9455f099.min.html]
[www.practiceshraddha.com/event-details/version/version/version/fbce49db.min.html]
[www.practiceshraddha.com/event-details/version/version/version/99a6a99f.min.html]
[www.practiceshraddha.com/event-details/version/version/version/7a36fe10.chunk.min.html]
[www.practiceshraddha.com/event-details/version/version/version/rb_wixui.thunderbolt_bootstrap-classic.db545a77.chunk.min.html]
[www.practiceshraddha.com/event-details/version/version/version/rb_wixui.thunderbolt_bootstrap.8a86afda.chunk.min.html]
[www.practiceshraddha.com/event-details/version/version/version/rb_wixui.thunderbolt_bootstrap.7a36fe10.chunk.min.html]
[www.practiceshraddha.com/event-details/version/version/version/rb_wixui.thunderbolt_bootstrap-responsive.f3ca696f.chunk.min.html]
[www.practiceshraddha.com/event-details/version/version/version/rb_wixui.thunderbolt_bootstrap-responsive.e3671379.chunk.min.html]
[www.practiceshraddha.com/blog/page/9452.html]
[www.practiceshraddha.com/blog/page/9451.html]
[www.practiceshraddha.com/blog/page/96.html]
[www.practiceshraddha.com/event-details/alchemize-your-life-online-series-with-brielle.html]
[www.practiceshraddha.com/post/the-empath-experience.html]
[static.wixstatic.com/media/a21080_44b57803234c427da916ef81ae9cde85_mv2.png/v1/fill/w_64,h_64,al_c,q_85,usm_0.66_1.00_0.01,blur_2,e/a21080_44b57803234c427da916ef8]
[www.practiceshraddha.com/blog/page/95.html]
[www.practiceshraddha.com/post/in-the-pursuit-of-happiness.html]
[static.wixstatic.com/media/a21080_cd2f8287d8264678a580308578faf7f3_mv2.jpe/v1/fill/w_101,h_109,al_c,q_80,usm_0.66_1.00_0.01,blur_2/a21080_cd2f8287d8264678a580308]
[www.practiceshraddha.com/post/version/version/version/decodeURIComponent(e.html]
[static.wixstatic.com/media/a21080_d8f4673ab0fc424f8f1b24454d9321f4_mv2.jpe/v1/fill/w_114,h_119,al_c,q_80,usm_0.66_1.00_0.01,blur_2/a21080_d8f4673ab0fc424f8f1b244]
[www.practiceshraddha.com/post/version/version/version/robots.html]
[www.practiceshraddha.com/post/version/version/version/sitemap.html]
[www.practiceshraddha.com/post/version/version/version/feed.html]
[www.practiceshraddha.com/post/version/version/version/version/decodeURIComponent(e.html]
[www.practiceshraddha.com/post/version/version/version/version/robots.html]
[www.practiceshraddha.com/post/version/version/version/version/sitemap.xml]
[www.practiceshraddha.com/post/version/version/version/version/feed.xml]
[www.practiceshraddha.com/post/version/version/version/version.html]
[www.practiceshraddha.com/post/version/version/version/version/b604fd33.min.html]
[www.practiceshraddha.com/post/version/version/version/version/9455f099.min.html]
[www.practiceshraddha.com/post/version/version/version/version/99a6a99f.min.html]
[www.practiceshraddha.com/post/version/version/version/version/fbce49db.min.html]
[www.practiceshraddha.com/post/version/version/version/version/7a36fe10.chunk.min.html]
[www.practiceshraddha.com/post/version/version/version/version/rb_wixui.thunderbolt_bootstrap-classic.db545a77.chunk.min.html]
[www.practiceshraddha.com/post/version/version/version/version/rb_wixui.thunderbolt_bootstrap.8a86afda.chunk.min.html]
[www.practiceshraddha.com/post/version/version/version/version/rb_wixui.thunderbolt_bootstrap.7a36fe10.chunk.min.html]
[www.practiceshraddha.com/post/version/version/version/version/rb_wixui.thunderbolt_bootstrap-responsive.f3ca696f.chunk.min.html]
[www.practiceshraddha.com/post/version/version/version/version/index.html]
[www.practiceshraddha.com/post/version/version/version.html]
[www.practiceshraddha.com/post/version/version/version/b604fd33.min.html]
[www.practiceshraddha.com/post/version/version/version/9455f099.min.html]
[www.practiceshraddha.com/post/version/version/version/fbce49db.min.html]
[www.practiceshraddha.com/post/version/version/version/version/rb_wixui.thunderbolt_bootstrap-responsive.e3671379.chunk.min.html]
[www.practiceshraddha.com/post/version/version/version/99a6a99f.min.html]
[www.practiceshraddha.com/post/version/version/version/7a36fe10.chunk.min.html]
[www.practiceshraddha.com/post/version/version/version/rb_wixui.thunderbolt_bootstrap-classic.db545a77.chunk.min.html]
[www.practiceshraddha.com/post/version/version/version/rb_wixui.thunderbolt_bootstrap.8a86afda.chunk.min.html]
[www.practiceshraddha.com/post/version/version/version/rb_wixui.thunderbolt_bootstrap.7a36fe10.chunk.min.html]
[www.practiceshraddha.com/post/version/version/version/rb_wixui.thunderbolt_bootstrap-responsive.f3ca696f.chunk.min.html]
[www.practiceshraddha.com/post/version/version/version/rb_wixui.thunderbolt_bootstrap-responsive.e3671379.chunk.min.html]
[www.practiceshraddha.com/blog/page/version/version/version/decodeURIComponent(e.html]
[www.practiceshraddha.com/blog/page/version/version/version/robots.html]
[www.practiceshraddha.com/blog/page/version/version/version/sitemap.html]
[www.practiceshraddha.com/blog/page/version/version/version/feed.html]
[www.practiceshraddha.com/blog/page/version/version/version.html]
[www.practiceshraddha.com/blog/page/version/version/version/b604fd33.min.html]
[www.practiceshraddha.com/blog/page/version/version/version/9455f099.min.html]
[www.practiceshraddha.com/blog/page/version/version/version/fbce49db.min.html]
[www.practiceshraddha.com/blog/page/version/version/version/99a6a99f.min.html]
[www.practiceshraddha.com/blog/page/version/version/version/7a36fe10.chunk.min.html]
[www.practiceshraddha.com/blog/page/version/version/version/rb_wixui.thunderbolt_bootstrap-classic.db545a77.chunk.min.html]
[www.practiceshraddha.com/blog/page/version/version/version/rb_wixui.thunderbolt_bootstrap.8a86afda.chunk.min.html]
[www.practiceshraddha.com/blog/page/version/version/version/rb_wixui.thunderbolt_bootstrap.7a36fe10.chunk.min.html]
[www.practiceshraddha.com/blog/page/version/version/version/rb_wixui.thunderbolt_bootstrap-responsive.f3ca696f.chunk.min.html]
[www.practiceshraddha.com/blog/page/version/version/version/rb_wixui.thunderbolt_bootstrap-responsive.e3671379.chunk.min.html]
[www.practiceshraddha.com/post/what-are-the-ayurveda-doshas.html]
[www.practiceshraddha.com/blog/page/version/version/version/version/index.html]
[www.practiceshraddha.com/event-details/version/version/version/version/decodeURIComponent(e.html]
[www.practiceshraddha.com/event-details/version/version/version/version/robots.html]
